
Git practical

Ganes@LAPTOP-5KMFOFH9 MINGW64 /c/Mygithunlearning/GitHubLearning (main)
$ git branch
* main

Ganes@LAPTOP-5KMFOFH9 MINGW64 /c/Mygithunlearning/GitHubLearning (main)
$ ls
README.md

Ganes@LAPTOP-5KMFOFH9 MINGW64 /c/Mygithunlearning/GitHubLearning (main)
$ touch file.txt

Ganes@LAPTOP-5KMFOFH9 MINGW64 /c/Mygithunlearning/GitHubLearning (main)
$ ls
README.md  file.txt

Ganes@LAPTOP-5KMFOFH9 MINGW64 /c/Mygithunlearning/GitHubLearning (main)
$ git status
On branch main
Your branch is up to date with 'origin/main'.

Untracked files:
  (use "git add <file>..." to include in what will be committed)
        file.txt

nothing added to commit but untracked files present (use "git add" to track)

Ganes@LAPTOP-5KMFOFH9 MINGW64 /c/Mygithunlearning/GitHubLearning (main)
$ git add file.txt

Ganes@LAPTOP-5KMFOFH9 MINGW64 /c/Mygithunlearning/GitHubLearning (main)
$ git status
On branch main
Your branch is up to date with 'origin/main'.

Changes to be committed:
  (use "git restore --staged <file>..." to unstage)
        new file:   file.txt


Ganes@LAPTOP-5KMFOFH9 MINGW64 /c/Mygithunlearning/GitHubLearning (main)
$ git commit -m "one file added file.txt"
[main bb4eb08] one file added file.txt
 1 file changed, 0 insertions(+), 0 deletions(-)
 create mode 100644 file.txt

Ganes@LAPTOP-5KMFOFH9 MINGW64 /c/Mygithunlearning/GitHubLearning (main)
$ ls -ltr
total 1
-rw-r--r-- 1 Ganes 197610 54 Oct 17 09:56 README.md
-rw-r--r-- 1 Ganes 197610  0 Oct 17 10:26 file.txt

Ganes@LAPTOP-5KMFOFH9 MINGW64 /c/Mygithunlearning/GitHubLearning (main)
$ git push origin main
Enumerating objects: 4, done.
Counting objects: 100% (4/4), done.
Delta compression using up to 12 threads
Compressing objects: 100% (2/2), done.
Writing objects: 100% (3/3), 282 bytes | 282.00 KiB/s, done.
Total 3 (delta 0), reused 0 (delta 0), pack-reused 0
To https://github.com/PriyankaNigade18/GitHubLearning.git
   18e3a50..bb4eb08  main -> main

Ganes@LAPTOP-5KMFOFH9 MINGW64 /c/Mygithunlearning/GitHubLearning (main)
$ ^C

Ganes@LAPTOP-5KMFOFH9 MINGW64 /c/Mygithunlearning/GitHubLearning (main)
$
